(Town of Mithras)
====================================      Key:                     
|                 |                |                             
|                 |                |      * = Commoners Square        
|                 |(13)            |      1 = General Board/Healer/  
|                 |                |          Trainer  
|                 E(14)            |      2 = Food Store
|          (15)   m                |      3 = Donation Room  
|       (16)*-----r(18)(19)        |      4 = Blacksmith  
|          (17)   a                |      5 = Jeweler     
|                 l                |      6 = Weapon Shop 
|   (9)  (8)  (7) d  (1)  (2)  (5) |      7 = Inn   
|=================*=Centaur St.====|      8 = Armor Shop 
|  (10) (11) (12) a  (3)  (4)  (6) |      9 = Pet Store /    
|                 v                |          Ranger's Guild 
|                 e                |     10 = Mage's Guild 
|                 |                |     11 = Container Shop 
|                 |                |     12 = Candle Store  
|             (20)|                |     13 = Bank
|                 |                |     14 = Boat Shop    
|                 |(21)            |     15 = Potion Shop   
|                 |                |     16 = Scroll Shop
|                 |                |     17 = Staff Shop 
====================================     18 19 = Post Office    
                                         20 = Rouge and Vampire Guild
                                         21 = Mob Factory   
Please tell Callinon about any errors on the map then duck as it took 
him a long time to make it :)     

